============================= test session starts =============================
platform win32 -- Python 3.13.4, pytest-8.4.0, pluggy-1.6.0 -- c:\Users\dana1\OneDrive\Desktop\Jimmy\venv\Scripts\python.exe
cachedir: .pytest_cache
rootdir: C:\Users\dana1\OneDrive\Desktop\Jimmy
configfile: pytest.ini
collecting ... collected 72 items

tests/core/models/test_material.py::test_material_creation PASSED        [  1%]
tests/core/models/test_material.py::test_material_code_validation FAILED [  2%]
tests/core/models/test_material.py::test_material_pricing_validation FAILED [  4%]
tests/core/models/test_material.py::test_material_price_calculation FAILED [  5%]
tests/core/models/test_material.py::test_material_standard_length_check PASSED [  6%]
tests/core/models/test_material.py::test_material_availability_check PASSED [  8%]
tests/core/models/test_material.py::test_material_representation PASSED  [  9%]
tests/core/models/test_material.py::test_material_availability_creation PASSED [ 11%]
tests/core/models/test_material.py::test_material_availability_representation PASSED [ 12%]
tests/core/pricing/test_pricing_system.py::test_base_price_strategy_standard_material PASSED [ 13%]
tests/core/pricing/test_pricing_system.py::test_base_price_strategy_exotic_material PASSED [ 15%]
tests/core/pricing/test_pricing_system.py::test_material_premium_strategy_uhmwpe FAILED [ 16%]
tests/core/pricing/test_pricing_system.py::test_material_premium_strategy_teflon FAILED [ 18%]
tests/core/pricing/test_pricing_system.py::test_extra_length_strategy_ls2000_standard PASSED [ 19%]
tests/core/pricing/test_pricing_system.py::test_extra_length_strategy_ls2000_exotic PASSED [ 20%]
tests/core/pricing/test_pricing_system.py::test_nonstandard_length_surcharge_ls2000 FAILED [ 22%]
tests/core/pricing/test_pricing_system.py::test_nonstandard_length_surcharge_halar_limit PASSED [ 23%]
tests/core/pricing/test_pricing_system.py::test_connection_option_strategy_flange FAILED [ 25%]
tests/core/pricing/test_pricing_system.py::test_connection_option_strategy_triclamp FAILED [ 26%]
tests/core/pricing/test_pricing_system.py::test_material_availability_strategy_available FAILED [ 27%]
tests/core/pricing/test_pricing_system.py::test_material_availability_strategy_unavailable PASSED [ 29%]
tests/core/pricing/test_pricing_system.py::test_complete_pricing_calculation FAILED [ 30%]
tests/core/pricing/test_pricing_system.py::test_special_product_pricing_ls7000_dual FAILED [ 31%]
tests/core/services/test_configuration_service.py::test_start_configuration FAILED [ 33%]
tests/core/services/test_configuration_service.py::TestVoltageSelection::test_select_voltage_updates_configuration FAILED [ 34%]
tests/core/services/test_configuration_service.py::TestMaterialSelection::test_select_material_updates_configuration FAILED [ 36%]
tests/core/services/test_configuration_service_pricing.py::test_calculate_price_basic FAILED [ 37%]
tests/core/services/test_configuration_service_pricing.py::test_calculate_price_with_length FAILED [ 38%]
tests/core/services/test_configuration_service_pricing.py::test_calculate_price_with_connection FAILED [ 40%]
tests/core/services/test_configuration_service_pricing.py::test_calculate_price_with_material_override FAILED [ 41%]
tests/core/services/test_configuration_service_pricing.py::test_calculate_price_no_variant_fallback FAILED [ 43%]
tests/core/services/test_configuration_service_pricing.py::test_calculate_price_special_product FAILED [ 44%]
tests/core/services/test_configuration_service_pricing.py::test_calculate_price_complex_configuration FAILED [ 45%]
tests/core/services/test_consolidated_models.py::test_get_available_cables FAILED [ 47%]
tests/core/services/test_consolidated_models.py::test_get_available_enclosures FAILED [ 48%]
tests/core/services/test_consolidated_models.py::test_get_available_electrical_protection FAILED [ 50%]
tests/core/services/test_consolidated_models.py::test_configure_product_with_consolidated_options FAILED [ 51%]
tests/core/services/test_consolidated_models.py::test_configure_product_with_unavailable_options FAILED [ 52%]
tests/core/services/test_product_service.py::test_get_product_families PASSED [ 54%]
tests/core/services/test_product_service.py::test_get_variants_for_family PASSED [ 55%]
tests/core/services/test_product_service.py::test_get_material_options PASSED [ 56%]
tests/core/services/test_product_service.py::test_get_voltage_options PASSED [ 58%]
tests/core/services/test_product_service.py::test_get_connection_options PASSED [ 59%]
tests/core/services/test_product_service.py::test_get_additional_options FAILED [ 61%]
tests/core/services/test_product_service.py::test_search_products FAILED [ 62%]
tests/core/services/test_product_service.py::test_get_variant_by_id PASSED [ 63%]
tests/core/services/test_product_service.py::test_get_product_families_empty PASSED [ 65%]
tests/core/services/test_product_service.py::test_get_variants_for_family_empty PASSED [ 66%]
tests/core/services/test_product_service.py::test_get_material_options_empty PASSED [ 68%]
tests/core/services/test_product_service.py::test_get_voltage_options_empty PASSED [ 69%]
tests/core/services/test_product_service.py::test_get_connection_options_empty PASSED [ 70%]
tests/core/services/test_product_service.py::test_get_additional_options_empty PASSED [ 72%]
tests/core/services/test_product_service.py::test_search_products_no_match PASSED [ 73%]
tests/core/services/test_product_service.py::test_get_variant_by_id_zero PASSED [ 75%]
tests/core/services/test_product_service.py::test_get_additional_options_excluded_comma FAILED [ 76%]
tests/core/services/test_product_service.py::test_get_valid_options_for_selection 
-------------------------------- live log call --------------------------------
2025-06-17 18:46:36 [   ERROR] Error getting valid options: type object 'Option' has no attribute 'product_family_id' (product_service.py:478)
Traceback (most recent call last):
  File "C:\Users\dana1\OneDrive\Desktop\Jimmy\src\core\services\product_service.py", line 466, in get_valid_options_for_selection
    .filter(Option.product_family_id == family_id)
            ^^^^^^^^^^^^^^^^^^^^^^^^
AttributeError: type object 'Option' has no attribute 'product_family_id'. Did you mean: 'product_families'?
FAILED                                                                   [ 77%]
tests/core/services/test_product_service_validation.py::test_configure_product_valid FAILED [ 79%]
tests/core/services/test_product_service_validation.py::test_configure_product_invalid_material 
-------------------------------- live log call --------------------------------
2025-06-17 18:46:37 [   ERROR] Error configuring product: 'Session' object has no attribute 'session' (product_service.py:306)
Traceback (most recent call last):
  File "C:\Users\dana1\OneDrive\Desktop\Jimmy\src\core\services\product_service.py", line 268, in configure_product
    self.session.query(ProductVariant)
    ^^^^^^^^^^^^
AttributeError: 'Session' object has no attribute 'session'
FAILED                                                                   [ 80%]
tests/core/services/test_product_service_validation.py::test_configure_product_invalid_length FAILED [ 81%]
tests/core/services/test_product_service_validation.py::test_configure_product_not_found 
-------------------------------- live log call --------------------------------
2025-06-17 18:46:37 [   ERROR] Error configuring product: 'Session' object has no attribute 'session' (product_service.py:306)
Traceback (most recent call last):
  File "C:\Users\dana1\OneDrive\Desktop\Jimmy\src\core\services\product_service.py", line 268, in configure_product
    self.session.query(ProductVariant)
    ^^^^^^^^^^^^
AttributeError: 'Session' object has no attribute 'session'
FAILED                                                                   [ 83%]
tests/integration/test_product_model.py::test_create_and_query_product PASSED [ 84%]
tests/integration/test_product_model.py::test_update_product PASSED      [ 86%]
tests/integration/test_product_model.py::test_delete_product PASSED      [ 87%]
tests/ui/test_basic_ui.py::test_basic_window PASSED                      [ 88%]
tests/ui/test_quote_tab_pricing.py::test_update_pricing_base_price PASSED [ 90%]
tests/ui/test_quote_tab_pricing.py::test_update_pricing_with_length PASSED [ 91%]
tests/ui/test_quote_tab_pricing.py::test_update_pricing_with_connection PASSED [ 93%]
tests/ui/test_quote_tab_pricing.py::test_update_pricing_with_material PASSED [ 94%]
tests/ui/test_quote_tab_pricing.py::test_update_pricing_with_cable_length PASSED [ 95%]
tests/ui/test_quote_tab_pricing.py::test_update_pricing_complex_configuration PASSED [ 97%]
tests/ui/test_quote_tab_pricing.py::test_update_items_table_prices PASSED [ 98%]
tests/ui/test_quote_tab_pricing.py::test_update_total_pricing PASSED     [100%]

================================== FAILURES ===================================
________________________ test_material_code_validation ________________________

    def test_material_code_validation():
        """Test material code validation."""
>       with pytest.raises(ValueError):
             ^^^^^^^^^^^^^^^^^^^^^^^^^
E       Failed: DID NOT RAISE <class 'ValueError'>

tests\core\models\test_material.py:96: Failed
______________________ test_material_pricing_validation _______________________

    def test_material_pricing_validation():
        """Test material pricing validation."""
>       with pytest.raises(ValueError):
             ^^^^^^^^^^^^^^^^^^^^^^^^^
E       Failed: DID NOT RAISE <class 'ValueError'>

tests\core\models\test_material.py:108: Failed
_______________________ test_material_price_calculation _______________________

material = <Material(code='S', name='316SS')>

    def test_material_price_calculation(material):
        """Test material price calculation."""
        # Test base price
>       assert material.calculate_price(10.0) == 100.0
E       AssertionError: assert 160.0 == 100.0
E        +  where 160.0 = calculate_price(10.0)
E        +    where calculate_price = <Material(code='S', name='316SS')>.calculate_price

tests\core\models\test_material.py:127: AssertionError
____________________ test_material_premium_strategy_uhmwpe ____________________

mock_db = <MagicMock spec='Session' id='1766100014752'>
base_product = <Product(id=1, model='LS2000-120-S', base_price=500.0)>

    def test_material_premium_strategy_uhmwpe(mock_db, base_product):
        """Test material premium for UHMWPE."""
        context = PricingContext(
            db=mock_db,
            product_id=1,
            length_in=10.0,
            material_override_code='U',
        )
        context.product = base_product
        context.material = Material(code='U', name='UHMWPE')
        context.price = 500.0  # Base price
    
        strategy = MaterialPremiumStrategy()
>       price = strategy.calculate(context)
                ^^^^^^^^^^^^^^^^^^^^^^^^^^^

tests\core\pricing\test_pricing_system.py:131: 
_ _ _ _ _ _ _ _ _ _ _ _ _ _ _ _ _ _ _ _ _ _ _ _ _ _ _ _ _ _ _ _ _ _ _ _ _ _ _ _

self = <src.core.pricing.strategies.MaterialPremiumStrategy object at 0x0000019B33C3A120>
context = PricingContext(db=<MagicMock spec='Session' id='1766100014752'>, product_id=1, length_in=10.0, material_override_code=...LS2000-120-S', base_price=500.0)>, material=<Material(code='U', name='UHMWPE')>, effective_length_in=10.0, price=500.0)

    def calculate(self, context: PricingContext) -> float:
        # Get material option for this product type
        product_type = context.product.model_number.split("-")[0]
        if product_type == "LS7000" and "/2" in context.product.model_number:
            product_type = "LS7000/2"
    
        # Get the material option for this product family and material
        material_option = (
            context.db.query(MaterialOption)
            .filter(
>               MaterialOption.product_family_id == context.product.product_family_id,
                                                    ^^^^^^^^^^^^^^^^^^^^^^^^^^^^^^^^^
                MaterialOption.material_code == context.material.code,
                MaterialOption.is_available == 1,
            )
            .first()
        )
E       AttributeError: 'Product' object has no attribute 'product_family_id'

src\core\pricing\strategies.py:94: AttributeError
____________________ test_material_premium_strategy_teflon ____________________

mock_db = <MagicMock spec='Session' id='1766096468832'>
base_product = <Product(id=1, model='LS2000-120-S', base_price=500.0)>

    def test_material_premium_strategy_teflon(mock_db, base_product):
        """Test material premium for Teflon."""
        context = PricingContext(
            db=mock_db,
            product_id=1,
            length_in=10.0,
            material_override_code='T',
        )
        context.product = base_product
        context.material = Material(code='T', name='Teflon')
        context.price = 500.0  # Base price
    
        strategy = MaterialPremiumStrategy()
>       price = strategy.calculate(context)
                ^^^^^^^^^^^^^^^^^^^^^^^^^^^

tests\core\pricing\test_pricing_system.py:149: 
_ _ _ _ _ _ _ _ _ _ _ _ _ _ _ _ _ _ _ _ _ _ _ _ _ _ _ _ _ _ _ _ _ _ _ _ _ _ _ _

self = <src.core.pricing.strategies.MaterialPremiumStrategy object at 0x0000019B33A139D0>
context = PricingContext(db=<MagicMock spec='Session' id='1766096468832'>, product_id=1, length_in=10.0, material_override_code=...LS2000-120-S', base_price=500.0)>, material=<Material(code='T', name='Teflon')>, effective_length_in=10.0, price=500.0)

    def calculate(self, context: PricingContext) -> float:
        # Get material option for this product type
        product_type = context.product.model_number.split("-")[0]
        if product_type == "LS7000" and "/2" in context.product.model_number:
            product_type = "LS7000/2"
    
        # Get the material option for this product family and material
        material_option = (
            context.db.query(MaterialOption)
            .filter(
>               MaterialOption.product_family_id == context.product.product_family_id,
                                                    ^^^^^^^^^^^^^^^^^^^^^^^^^^^^^^^^^
                MaterialOption.material_code == context.material.code,
                MaterialOption.is_available == 1,
            )
            .first()
        )
E       AttributeError: 'Product' object has no attribute 'product_family_id'

src\core\pricing\strategies.py:94: AttributeError
__________________ test_nonstandard_length_surcharge_ls2000 ___________________

mock_db = <MagicMock spec='Session' id='1766100012736'>
base_product = <Product(id=1, model='LS2000-120-S', base_price=500.0)>
base_material = <Material(code='S', name='Stainless Steel')>

    def test_nonstandard_length_surcharge_ls2000(mock_db, base_product, base_material):
        """Test non-standard length surcharge for LS2000."""
        context = PricingContext(
            db=mock_db,
            product_id=1,
            length_in=15.0,  # Non-standard length
            material_override_code='S',
        )
        context.product = base_product
        context.material = base_material
        context.price = 500.0  # Base price
    
        # Mock standard length query to return None (non-standard length)
        mock_db.query().filter().first.return_value = None
    
        strategy = NonStandardLengthSurchargeStrategy()
        price = strategy.calculate(context)
    
>       assert price == 550.0  # Base price + $50 surcharge
        ^^^^^^^^^^^^^^^^^^^^^
E       assert 500.0 == 550.0

tests\core\pricing\test_pricing_system.py:216: AssertionError
___________________ test_connection_option_strategy_flange ____________________

mock_db = <MagicMock spec='Session' id='1766100016432'>
base_product = <Product(id=1, model='LS2000-120-S', base_price=500.0)>
base_material = <Material(code='S', name='Stainless Steel')>

    def test_connection_option_strategy_flange(mock_db, base_product, base_material):
        """Test connection option pricing for Flange."""
        context = PricingContext(
            db=mock_db,
            product_id=1,
            length_in=10.0,
            material_override_code='S',
            specs={
                'connection_type': 'Flange',
                'flange_rating': '150#',
                'flange_size': '1"',
            },
        )
        context.product = base_product
        context.material = base_material
        context.price = 500.0  # Base price
    
        # Mock connection option query
>       connection_option = ConnectionOption(
            type='Flange',
            rating='150#',
            size='1"',
            price=100.0,
        )

tests\core\pricing\test_pricing_system.py:255: 
_ _ _ _ _ _ _ _ _ _ _ _ _ _ _ _ _ _ _ _ _ _ _ _ _ _ _ _ _ _ _ _ _ _ _ _ _ _ _ _
<string>:4: in __init__
    ???
venv\Lib\site-packages\sqlalchemy\orm\state.py:571: in _initialize_instance
    with util.safe_reraise():
         ^^^^^^^^^^^^^^^^^^^
venv\Lib\site-packages\sqlalchemy\util\langhelpers.py:224: in __exit__
    raise exc_value.with_traceback(exc_tb)
venv\Lib\site-packages\sqlalchemy\orm\state.py:569: in _initialize_instance
    manager.original_init(*mixed[1:], **kwargs)
_ _ _ _ _ _ _ _ _ _ _ _ _ _ _ _ _ _ _ _ _ _ _ _ _ _ _ _ _ _ _ _ _ _ _ _ _ _ _ _

self = <ConnectionOption(code='None', name='None', connection_type='None', price=None)>
kwargs = {'price': 100.0, 'rating': '150#', 'size': '1"', 'type': 'Flange'}
cls_ = <class 'src.core.models.connection_option.ConnectionOption'>, k = 'type'

    def _declarative_constructor(self: Any, **kwargs: Any) -> None:
        """A simple constructor that allows initialization from kwargs.
    
        Sets attributes on the constructed instance using the names and
        values in ``kwargs``.
    
        Only keys that are present as
        attributes of the instance's class are allowed. These could be,
        for example, any mapped columns or relationships.
        """
        cls_ = type(self)
        for k in kwargs:
            if not hasattr(cls_, k):
>               raise TypeError(
                    "%r is an invalid keyword argument for %s" % (k, cls_.__name__)
                )
E               TypeError: 'type' is an invalid keyword argument for ConnectionOption

venv\Lib\site-packages\sqlalchemy\orm\decl_base.py:2173: TypeError
__________________ test_connection_option_strategy_triclamp ___________________

mock_db = <MagicMock spec='Session' id='1766068658464'>
base_product = <Product(id=1, model='LS2000-120-S', base_price=500.0)>
base_material = <Material(code='S', name='Stainless Steel')>

    def test_connection_option_strategy_triclamp(mock_db, base_product, base_material):
        """Test connection option pricing for Tri-Clamp."""
        context = PricingContext(
            db=mock_db,
            product_id=1,
            length_in=10.0,
            material_override_code='S',
            specs={
                'connection_type': 'Tri-Clamp',
                'triclamp_size': '1"',
            },
        )
        context.product = base_product
        context.material = base_material
        context.price = 500.0  # Base price
    
        # Mock connection option query
>       connection_option = ConnectionOption(
            type='Tri-Clamp',
            size='1"',
            price=75.0,
        )

tests\core\pricing\test_pricing_system.py:289: 
_ _ _ _ _ _ _ _ _ _ _ _ _ _ _ _ _ _ _ _ _ _ _ _ _ _ _ _ _ _ _ _ _ _ _ _ _ _ _ _
<string>:4: in __init__
    ???
venv\Lib\site-packages\sqlalchemy\orm\state.py:571: in _initialize_instance
    with util.safe_reraise():
         ^^^^^^^^^^^^^^^^^^^
venv\Lib\site-packages\sqlalchemy\util\langhelpers.py:224: in __exit__
    raise exc_value.with_traceback(exc_tb)
venv\Lib\site-packages\sqlalchemy\orm\state.py:569: in _initialize_instance
    manager.original_init(*mixed[1:], **kwargs)
_ _ _ _ _ _ _ _ _ _ _ _ _ _ _ _ _ _ _ _ _ _ _ _ _ _ _ _ _ _ _ _ _ _ _ _ _ _ _ _

self = <ConnectionOption(code='None', name='None', connection_type='None', price=None)>
kwargs = {'price': 75.0, 'size': '1"', 'type': 'Tri-Clamp'}
cls_ = <class 'src.core.models.connection_option.ConnectionOption'>, k = 'type'

    def _declarative_constructor(self: Any, **kwargs: Any) -> None:
        """A simple constructor that allows initialization from kwargs.
    
        Sets attributes on the constructed instance using the names and
        values in ``kwargs``.
    
        Only keys that are present as
        attributes of the instance's class are allowed. These could be,
        for example, any mapped columns or relationships.
        """
        cls_ = type(self)
        for k in kwargs:
            if not hasattr(cls_, k):
>               raise TypeError(
                    "%r is an invalid keyword argument for %s" % (k, cls_.__name__)
                )
E               TypeError: 'type' is an invalid keyword argument for ConnectionOption

venv\Lib\site-packages\sqlalchemy\orm\decl_base.py:2173: TypeError
________________ test_material_availability_strategy_available ________________

mock_db = <MagicMock spec='Session' id='1766100017440'>
base_product = <Product(id=1, model='LS2000-120-S', base_price=500.0)>

    def test_material_availability_strategy_available(mock_db, base_product):
        """Test material availability check for available material."""
        context = PricingContext(
            db=mock_db,
            product_id=1,
            length_in=10.0,
            material_override_code='H',
        )
        context.product = base_product
    
        # Mock material availability query
        availability = MaterialAvailability(
            material_code='H',
            product_type='LS2000',
            is_available=True,
        )
        mock_db.query().filter().first.return_value = availability
    
        strategy = MaterialAvailabilityStrategy()
>       price = strategy.calculate(context)
                ^^^^^^^^^^^^^^^^^^^^^^^^^^^

tests\core\pricing\test_pricing_system.py:325: 
_ _ _ _ _ _ _ _ _ _ _ _ _ _ _ _ _ _ _ _ _ _ _ _ _ _ _ _ _ _ _ _ _ _ _ _ _ _ _ _

self = <src.core.pricing.strategies.MaterialAvailabilityStrategy object at 0x0000019B33C3ABA0>
context = PricingContext(db=<MagicMock spec='Session' id='1766100017440'>, product_id=1, length_in=10.0, material_override_code=...0)>, material=<MagicMock name='mock.query().filter().first()' id='1766100019120'>, effective_length_in=10.0, price=0.0)

    def calculate(self, context: PricingContext) -> float:
        if not context.material_override_code:
            return context.price
    
        # Get product type from model number
        product_type = context.product.model_number.split("-")[0]
    
        # Handle special cases for dual point switches
        if product_type == "LS7000" and "/2" in context.product.model_number:
            product_type = "LS7000/2"
    
        # Get material option for this product type
        material_option = (
            context.db.query(Option)
            .filter(
                Option.name == "Material",
                Option.category == "Material",
                Option.product_families.like(f"%{product_type}%"),
            )
            .first()
        )
    
        if (
            not material_option
>           or context.material_override_code not in material_option.choices
                                                     ^^^^^^^^^^^^^^^^^^^^^^^
        ):
E       AttributeError: 'MaterialAvailability' object has no attribute 'choices'

src\core\pricing\strategies.py:46: AttributeError
______________________ test_complete_pricing_calculation ______________________

mock_db = <MagicMock spec='Session' id='1766100023152'>
base_product = <Product(id=1, model='LS2000-120-S', base_price=500.0)>
base_material = <Material(code='S', name='Stainless Steel')>

    def test_complete_pricing_calculation(mock_db, base_product, base_material):
        """Test a complete pricing calculation with multiple factors."""
        # Create separate mock queries for each type of query
        product_query = MagicMock()
        product_query.filter_by.return_value = product_query
        product_query.first.return_value = base_product
    
        material_query = MagicMock()
        material_query.filter_by.return_value = material_query
        material_query.first.return_value = base_material
    
        availability_query = MagicMock()
        availability_query.filter_by.return_value = availability_query
        availability_query.first.return_value = MaterialAvailability(
            material_code='S', product_type='LS2000', is_available=True
        )
    
        length_query = MagicMock()
        length_query.filter_by.return_value = length_query
        length_query.first.return_value = StandardLength(material_code='S', length=24.0)
    
        connection_query = MagicMock()
        connection_query.filter_by.return_value = connection_query
>       connection_query.first.return_value = ConnectionOption(
            type='Flange', rating='150#', size='1"', price=100.0
        )

tests\core\pricing\test_pricing_system.py:375: 
_ _ _ _ _ _ _ _ _ _ _ _ _ _ _ _ _ _ _ _ _ _ _ _ _ _ _ _ _ _ _ _ _ _ _ _ _ _ _ _
<string>:4: in __init__
    ???
venv\Lib\site-packages\sqlalchemy\orm\state.py:571: in _initialize_instance
    with util.safe_reraise():
         ^^^^^^^^^^^^^^^^^^^
venv\Lib\site-packages\sqlalchemy\util\langhelpers.py:224: in __exit__
    raise exc_value.with_traceback(exc_tb)
venv\Lib\site-packages\sqlalchemy\orm\state.py:569: in _initialize_instance
    manager.original_init(*mixed[1:], **kwargs)
_ _ _ _ _ _ _ _ _ _ _ _ _ _ _ _ _ _ _ _ _ _ _ _ _ _ _ _ _ _ _ _ _ _ _ _ _ _ _ _

self = <ConnectionOption(code='None', name='None', connection_type='None', price=None)>
kwargs = {'price': 100.0, 'rating': '150#', 'size': '1"', 'type': 'Flange'}
cls_ = <class 'src.core.models.connection_option.ConnectionOption'>, k = 'type'

    def _declarative_constructor(self: Any, **kwargs: Any) -> None:
        """A simple constructor that allows initialization from kwargs.
    
        Sets attributes on the constructed instance using the names and
        values in ``kwargs``.
    
        Only keys that are present as
        attributes of the instance's class are allowed. These could be,
        for example, any mapped columns or relationships.
        """
        cls_ = type(self)
        for k in kwargs:
            if not hasattr(cls_, k):
>               raise TypeError(
                    "%r is an invalid keyword argument for %s" % (k, cls_.__name__)
                )
E               TypeError: 'type' is an invalid keyword argument for ConnectionOption

venv\Lib\site-packages\sqlalchemy\orm\decl_base.py:2173: TypeError
__________________ test_special_product_pricing_ls7000_dual ___________________

mock_db = <MagicMock spec='Session' id='1766067560736'>

    def test_special_product_pricing_ls7000_dual(mock_db):
        """Test pricing for LS7000/2 dual point switch."""
        product = Product(
            id=2,
            model_number='LS7000/2-120-S',
            base_price=800.0,
            base_length=10.0,
            material='S',
            voltage='120V',
        )
        material = Material(code='S', name='Stainless Steel')
    
        # Mock database queries
        mock_db.query().filter().first.side_effect = [
            product,
            material,
            MaterialAvailability(
                material_code='S', product_type='LS7000/2', is_available=True
            ),
        ]
    
>       price = calculate_product_price(
            db=mock_db,
            product_id=2,
            length=24.0,
            material_override='S',
        )

tests\core\pricing\test_pricing_system.py:449: 
_ _ _ _ _ _ _ _ _ _ _ _ _ _ _ _ _ _ _ _ _ _ _ _ _ _ _ _ _ _ _ _ _ _ _ _ _ _ _ _
src\core\pricing\calculator.py:83: in calculate_product_price
    final_price = calculator.calculate(context)
                  ^^^^^^^^^^^^^^^^^^^^^^^^^^^^^
src\core\pricing\calculator.py:31: in calculate
    strategy.calculate(context)
_ _ _ _ _ _ _ _ _ _ _ _ _ _ _ _ _ _ _ _ _ _ _ _ _ _ _ _ _ _ _ _ _ _ _ _ _ _ _ _

self = <src.core.pricing.strategies.MaterialAvailabilityStrategy object at 0x0000019B33A13610>
context = PricingContext(db=<MagicMock spec='Session' id='1766067560736'>, product_id=2, length_in=24.0, material_override_code=...120-S', base_price=800.0)>, material=<Material(code='S', name='Stainless Steel')>, effective_length_in=24.0, price=0.0)

    def calculate(self, context: PricingContext) -> float:
        if not context.material_override_code:
            return context.price
    
        # Get product type from model number
        product_type = context.product.model_number.split("-")[0]
    
        # Handle special cases for dual point switches
        if product_type == "LS7000" and "/2" in context.product.model_number:
            product_type = "LS7000/2"
    
        # Get material option for this product type
        material_option = (
            context.db.query(Option)
            .filter(
                Option.name == "Material",
                Option.category == "Material",
                Option.product_families.like(f"%{product_type}%"),
            )
            .first()
        )
    
        if (
            not material_option
>           or context.material_override_code not in material_option.choices
                                                     ^^^^^^^^^^^^^^^^^^^^^^^
        ):
E       AttributeError: 'MaterialAvailability' object has no attribute 'choices'

src\core\pricing\strategies.py:46: AttributeError
__________________________ test_start_configuration ___________________________

args = ()
keywargs = {'base_product_info': {'base_length': 10.0, 'base_price': 500.0, 'category': 'Level Switch', 'id': 1, ...}, 'config_se...es.configuration_service.ConfigurationService object at 0x0000019B33C3B0E0>, 'mock_db': <MagicMock id='1766100022144'>}

    @wraps(func)
    def patched(*args, **keywargs):
>       with self.decoration_helper(patched,
                                    args,
                                    keywargs) as (newargs, newkeywargs):

..\..\..\AppData\Local\Programs\Python\Python313\Lib\unittest\mock.py:1423: 
_ _ _ _ _ _ _ _ _ _ _ _ _ _ _ _ _ _ _ _ _ _ _ _ _ _ _ _ _ _ _ _ _ _ _ _ _ _ _ _
..\..\..\AppData\Local\Programs\Python\Python313\Lib\contextlib.py:141: in __enter__
    return next(self.gen)
           ^^^^^^^^^^^^^^
..\..\..\AppData\Local\Programs\Python\Python313\Lib\unittest\mock.py:1405: in decoration_helper
    arg = exit_stack.enter_context(patching)
          ^^^^^^^^^^^^^^^^^^^^^^^^^^^^^^^^^^
..\..\..\AppData\Local\Programs\Python\Python313\Lib\contextlib.py:530: in enter_context
    result = _enter(cm)
             ^^^^^^^^^^
..\..\..\AppData\Local\Programs\Python\Python313\Lib\unittest\mock.py:1497: in __enter__
    original, local = self.get_original()
                      ^^^^^^^^^^^^^^^^^^^
_ _ _ _ _ _ _ _ _ _ _ _ _ _ _ _ _ _ _ _ _ _ _ _ _ _ _ _ _ _ _ _ _ _ _ _ _ _ _ _

self = <unittest.mock._patch object at 0x0000019B31D47CB0>

    def get_original(self):
        target = self.getter()
        name = self.attribute
    
        original = DEFAULT
        local = False
    
        try:
            original = target.__dict__[name]
        except (AttributeError, KeyError):
            original = getattr(target, name, DEFAULT)
        else:
            local = True
    
        if name in _builtins and isinstance(target, ModuleType):
            self.create = True
    
        if not self.create and original is DEFAULT:
>           raise AttributeError(
                "%s does not have the attribute %r" % (target, name)
            )
E           AttributeError: <module 'src.core.services.configuration_service' from 'C:\\Users\\dana1\\OneDrive\\Desktop\\Jimmy\\src\\core\\services\\configuration_service.py'> does not have the attribute 'calculate_product_price'

..\..\..\AppData\Local\Programs\Python\Python313\Lib\unittest\mock.py:1467: AttributeError
_______ TestVoltageSelection.test_select_voltage_updates_configuration ________

args = (<tests.core.services.test_configuration_service.TestVoltageSelection object at 0x0000019B31E10CD0>,)
keywargs = {'base_product_info': {'base_length': 10.0, 'base_price': 500.0, 'category': 'Level Switch', 'id': 1, ...}, 'config_se...es.configuration_service.ConfigurationService object at 0x0000019B33A11A90>, 'mock_db': <MagicMock id='1766100020464'>}

    @wraps(func)
    def patched(*args, **keywargs):
>       with self.decoration_helper(patched,
                                    args,
                                    keywargs) as (newargs, newkeywargs):

..\..\..\AppData\Local\Programs\Python\Python313\Lib\unittest\mock.py:1423: 
_ _ _ _ _ _ _ _ _ _ _ _ _ _ _ _ _ _ _ _ _ _ _ _ _ _ _ _ _ _ _ _ _ _ _ _ _ _ _ _
..\..\..\AppData\Local\Programs\Python\Python313\Lib\contextlib.py:141: in __enter__
    return next(self.gen)
           ^^^^^^^^^^^^^^
..\..\..\AppData\Local\Programs\Python\Python313\Lib\unittest\mock.py:1405: in decoration_helper
    arg = exit_stack.enter_context(patching)
          ^^^^^^^^^^^^^^^^^^^^^^^^^^^^^^^^^^
..\..\..\AppData\Local\Programs\Python\Python313\Lib\contextlib.py:530: in enter_context
    result = _enter(cm)
             ^^^^^^^^^^
..\..\..\AppData\Local\Programs\Python\Python313\Lib\unittest\mock.py:1497: in __enter__
    original, local = self.get_original()
                      ^^^^^^^^^^^^^^^^^^^
_ _ _ _ _ _ _ _ _ _ _ _ _ _ _ _ _ _ _ _ _ _ _ _ _ _ _ _ _ _ _ _ _ _ _ _ _ _ _ _

self = <unittest.mock._patch object at 0x0000019B31E10B90>

    def get_original(self):
        target = self.getter()
        name = self.attribute
    
        original = DEFAULT
        local = False
    
        try:
            original = target.__dict__[name]
        except (AttributeError, KeyError):
            original = getattr(target, name, DEFAULT)
        else:
            local = True
    
        if name in _builtins and isinstance(target, ModuleType):
            self.create = True
    
        if not self.create and original is DEFAULT:
>           raise AttributeError(
                "%s does not have the attribute %r" % (target, name)
            )
E           AttributeError: <module 'src.core.services.configuration_service' from 'C:\\Users\\dana1\\OneDrive\\Desktop\\Jimmy\\src\\core\\services\\configuration_service.py'> does not have the attribute 'calculate_product_price'

..\..\..\AppData\Local\Programs\Python\Python313\Lib\unittest\mock.py:1467: AttributeError
______ TestMaterialSelection.test_select_material_updates_configuration _______

args = (<tests.core.services.test_configuration_service.TestMaterialSelection object at 0x0000019B31E10E10>,)
keywargs = {'base_product_info': {'base_length': 10.0, 'base_price': 500.0, 'category': 'Level Switch', 'id': 1, ...}, 'config_se...es.configuration_service.ConfigurationService object at 0x0000019B33A13390>, 'mock_db': <MagicMock id='1766100014752'>}

    @wraps(func)
    def patched(*args, **keywargs):
>       with self.decoration_helper(patched,
                                    args,
                                    keywargs) as (newargs, newkeywargs):

..\..\..\AppData\Local\Programs\Python\Python313\Lib\unittest\mock.py:1423: 
_ _ _ _ _ _ _ _ _ _ _ _ _ _ _ _ _ _ _ _ _ _ _ _ _ _ _ _ _ _ _ _ _ _ _ _ _ _ _ _
..\..\..\AppData\Local\Programs\Python\Python313\Lib\contextlib.py:141: in __enter__
    return next(self.gen)
           ^^^^^^^^^^^^^^
..\..\..\AppData\Local\Programs\Python\Python313\Lib\unittest\mock.py:1405: in decoration_helper
    arg = exit_stack.enter_context(patching)
          ^^^^^^^^^^^^^^^^^^^^^^^^^^^^^^^^^^
..\..\..\AppData\Local\Programs\Python\Python313\Lib\contextlib.py:530: in enter_context
    result = _enter(cm)
             ^^^^^^^^^^
..\..\..\AppData\Local\Programs\Python\Python313\Lib\unittest\mock.py:1497: in __enter__
    original, local = self.get_original()
                      ^^^^^^^^^^^^^^^^^^^
_ _ _ _ _ _ _ _ _ _ _ _ _ _ _ _ _ _ _ _ _ _ _ _ _ _ _ _ _ _ _ _ _ _ _ _ _ _ _ _

self = <unittest.mock._patch object at 0x0000019B31E10A50>

    def get_original(self):
        target = self.getter()
        name = self.attribute
    
        original = DEFAULT
        local = False
    
        try:
            original = target.__dict__[name]
        except (AttributeError, KeyError):
            original = getattr(target, name, DEFAULT)
        else:
            local = True
    
        if name in _builtins and isinstance(target, ModuleType):
            self.create = True
    
        if not self.create and original is DEFAULT:
>           raise AttributeError(
                "%s does not have the attribute %r" % (target, name)
            )
E           AttributeError: <module 'src.core.services.configuration_service' from 'C:\\Users\\dana1\\OneDrive\\Desktop\\Jimmy\\src\\core\\services\\configuration_service.py'> does not have the attribute 'calculate_product_price'

..\..\..\AppData\Local\Programs\Python\Python313\Lib\unittest\mock.py:1467: AttributeError
_________________________ test_calculate_price_basic __________________________

config_service = <src.core.services.configuration_service.ConfigurationService object at 0x0000019B33AC3100>
mock_db = <MagicMock id='1766096468160'>

    def test_calculate_price_basic(config_service, mock_db):
        """Test basic price calculation."""
        # Set up test data
        config_service.current_config = Configuration(
            db=mock_db,
            product_family_id=1,
            product_family_name="LS2000",
            base_product={
                "id": 1,
                "name": "LS2000",
                "base_price": 500.0,
                "base_length": 10.0,
                "category": "Level Switch",
            },
            selected_options={},
            final_price=0.0,
            final_description="",
            model_number="",
            quantity=1,
            is_valid=False,
            validation_errors=[],
        )
    
        # Mock variant query with proper base_price configuration
        variant = MagicMock()
        variant.model_number = "LS2000-120-S"
        variant.base_price = 500.0
        variant.material = "S"
        variant.voltage = "120V"
        variant.length = 10.0
>       config_service.product_service.find_variant.return_value = variant
        ^^^^^^^^^^^^^^^^^^^^^^^^^^^^^^^^^^^^^^^^^^^

tests\core\services\test_configuration_service_pricing.py:87: 
_ _ _ _ _ _ _ _ _ _ _ _ _ _ _ _ _ _ _ _ _ _ _ _ _ _ _ _ _ _ _ _ _ _ _ _ _ _ _ _

self = <MagicMock spec='ProductService' id='1766096469504'>
name = 'find_variant'

    def __getattr__(self, name):
        if name in {'_mock_methods', '_mock_unsafe'}:
            raise AttributeError(name)
        elif self._mock_methods is not None:
            if name not in self._mock_methods or name in _all_magics:
>               raise AttributeError("Mock object has no attribute %r" % name)
E               AttributeError: Mock object has no attribute 'find_variant'

..\..\..\AppData\Local\Programs\Python\Python313\Lib\unittest\mock.py:690: AttributeError
______________________ test_calculate_price_with_length _______________________

config_service = <src.core.services.configuration_service.ConfigurationService object at 0x0000019B33AC22C0>
mock_db = <MagicMock id='1766068658464'>

    def test_calculate_price_with_length(config_service, mock_db):
        """Test price calculation with length adjustment."""
        # Set up test data
        config_service.current_config = Configuration(
            db=mock_db,
            product_family_id=1,
            product_family_name="LS2000",
            base_product={
                "id": 1,
                "name": "LS2000",
                "base_price": 500.0,
                "base_length": 10.0,
                "category": "Level Switch",
            },
            selected_options={"Probe Length": 24.0},  # 24 inches
            final_price=0.0,
            final_description="",
            model_number="",
            quantity=1,
            is_valid=False,
            validation_errors=[],
        )
    
        # Mock variant with base_price=500.0 and length=10.0
        variant = MagicMock()
        variant.model_number = "LS2000-120-S-24"
        variant.base_price = 500.0
        variant.material = "S"
        variant.voltage = "120V"
        variant.length = 10.0
>       config_service.product_service.find_variant.return_value = variant
        ^^^^^^^^^^^^^^^^^^^^^^^^^^^^^^^^^^^^^^^^^^^

tests\core\services\test_configuration_service_pricing.py:126: 
_ _ _ _ _ _ _ _ _ _ _ _ _ _ _ _ _ _ _ _ _ _ _ _ _ _ _ _ _ _ _ _ _ _ _ _ _ _ _ _

self = <MagicMock spec='ProductService' id='1766096468832'>
name = 'find_variant'

    def __getattr__(self, name):
        if name in {'_mock_methods', '_mock_unsafe'}:
            raise AttributeError(name)
        elif self._mock_methods is not None:
            if name not in self._mock_methods or name in _all_magics:
>               raise AttributeError("Mock object has no attribute %r" % name)
E               AttributeError: Mock object has no attribute 'find_variant'

..\..\..\AppData\Local\Programs\Python\Python313\Lib\unittest\mock.py:690: AttributeError
____________________ test_calculate_price_with_connection _____________________

config_service = <src.core.services.configuration_service.ConfigurationService object at 0x0000019B3394CCB0>
mock_db = <MagicMock id='1766096462448'>

    def test_calculate_price_with_connection(config_service, mock_db):
        """Test price calculation with connection option."""
        # Set up test data
        config_service.current_config = Configuration(
            db=mock_db,
            product_family_id=1,
            product_family_name="LS2000",
            base_product={
                "id": 1,
                "name": "LS2000",
                "base_price": 500.0,
                "base_length": 10.0,
                "category": "Level Switch",
            },
            selected_options={
                "Connection Type": "Flange",
                "Flange Rating": "150#",
                "Flange Size": '1"',
            },
            final_price=0.0,
            final_description="",
            model_number="",
            quantity=1,
            is_valid=False,
            validation_errors=[],
        )
    
        # Mock connection option query
        connection = MagicMock()
        connection.type = "Flange"
        connection.rating = "150#"
        connection.size = '1"'
        connection.price = 150.0
        variant = Variant("LS2000-120-S-F150-1", 500.0, "S", "120V", 10.0)
    
        # Set up the mock query chain
        mock_query = MagicMock()
        mock_filter = MagicMock()
        mock_db.query.return_value = mock_query
        mock_query.filter_by.return_value = mock_filter
        mock_filter.first.return_value = connection
    
        # Mock product service find_variant
>       config_service.product_service.find_variant.return_value = variant
        ^^^^^^^^^^^^^^^^^^^^^^^^^^^^^^^^^^^^^^^^^^^

tests\core\services\test_configuration_service_pricing.py:181: 
_ _ _ _ _ _ _ _ _ _ _ _ _ _ _ _ _ _ _ _ _ _ _ _ _ _ _ _ _ _ _ _ _ _ _ _ _ _ _ _

self = <MagicMock spec='ProductService' id='1766096463456'>
name = 'find_variant'

    def __getattr__(self, name):
        if name in {'_mock_methods', '_mock_unsafe'}:
            raise AttributeError(name)
        elif self._mock_methods is not None:
            if name not in self._mock_methods or name in _all_magics:
>               raise AttributeError("Mock object has no attribute %r" % name)
E               AttributeError: Mock object has no attribute 'find_variant'

..\..\..\AppData\Local\Programs\Python\Python313\Lib\unittest\mock.py:690: AttributeError
_________________ test_calculate_price_with_material_override _________________

config_service = <src.core.services.configuration_service.ConfigurationService object at 0x0000019B3390A140>
mock_db = <MagicMock id='1766100010384'>

    def test_calculate_price_with_material_override(config_service, mock_db):
        """Test price calculation with material override."""
        # Set up test data
        config_service.current_config = Configuration(
            db=mock_db,
            product_family_id=1,
            product_family_name="LS2000",
            base_product={
                "id": 1,
                "name": "LS2000",
                "base_price": 500.0,
                "base_length": 10.0,
                "category": "Level Switch",
            },
            selected_options={"Material": "Halar"},
            final_price=0.0,
            final_description="",
            model_number="",
            quantity=1,
            is_valid=False,
            validation_errors=[],
        )
    
        # Mock material option query
        material = MagicMock()
        material.material_code = "Halar"
        material.adder = 110.0
        variant = Variant("LS2000-120-H", 500.0, "H", "120V", 10.0)
    
        # Set up the mock query chain
        mock_query = MagicMock()
        mock_filter = MagicMock()
        mock_db.query.return_value = mock_query
        mock_query.filter_by.return_value = mock_filter
        mock_filter.first.return_value = material
    
        # Mock product service find_variant
>       config_service.product_service.find_variant.return_value = variant
        ^^^^^^^^^^^^^^^^^^^^^^^^^^^^^^^^^^^^^^^^^^^

tests\core\services\test_configuration_service_pricing.py:231: 
_ _ _ _ _ _ _ _ _ _ _ _ _ _ _ _ _ _ _ _ _ _ _ _ _ _ _ _ _ _ _ _ _ _ _ _ _ _ _ _

self = <MagicMock spec='ProductService' id='1766100010720'>
name = 'find_variant'

    def __getattr__(self, name):
        if name in {'_mock_methods', '_mock_unsafe'}:
            raise AttributeError(name)
        elif self._mock_methods is not None:
            if name not in self._mock_methods or name in _all_magics:
>               raise AttributeError("Mock object has no attribute %r" % name)
E               AttributeError: Mock object has no attribute 'find_variant'

..\..\..\AppData\Local\Programs\Python\Python313\Lib\unittest\mock.py:690: AttributeError
__________________ test_calculate_price_no_variant_fallback ___________________

config_service = <src.core.services.configuration_service.ConfigurationService object at 0x0000019B33C619D0>
mock_db = <MagicMock id='1766100013072'>

    def test_calculate_price_no_variant_fallback(config_service, mock_db):
        """Test price calculation when no variant is found."""
        # Set up test data
        config_service.current_config = Configuration(
            db=mock_db,
            product_family_id=1,
            product_family_name="LS2000",
            base_product={
                "id": 1,
                "name": "LS2000",
                "base_price": 500.0,
                "base_length": 10.0,
                "category": "Level Switch",
            },
            selected_options={"Voltage": "24VDC"},
            final_price=0.0,
            final_description="",
            model_number="",
            quantity=1,
            is_valid=False,
            validation_errors=[],
        )
    
        # Mock variant query to return None
        mock_db.query().filter().first.return_value = None
>       config_service.product_service.find_variant.return_value = None
        ^^^^^^^^^^^^^^^^^^^^^^^^^^^^^^^^^^^^^^^^^^^

tests\core\services\test_configuration_service_pricing.py:269: 
_ _ _ _ _ _ _ _ _ _ _ _ _ _ _ _ _ _ _ _ _ _ _ _ _ _ _ _ _ _ _ _ _ _ _ _ _ _ _ _

self = <MagicMock spec='ProductService' id='1766100013408'>
name = 'find_variant'

    def __getattr__(self, name):
        if name in {'_mock_methods', '_mock_unsafe'}:
            raise AttributeError(name)
        elif self._mock_methods is not None:
            if name not in self._mock_methods or name in _all_magics:
>               raise AttributeError("Mock object has no attribute %r" % name)
E               AttributeError: Mock object has no attribute 'find_variant'

..\..\..\AppData\Local\Programs\Python\Python313\Lib\unittest\mock.py:690: AttributeError
____________________ test_calculate_price_special_product _____________________

config_service = <src.core.services.configuration_service.ConfigurationService object at 0x0000019B31D3E250>
mock_db = <MagicMock id='1766100015760'>

    def test_calculate_price_special_product(config_service, mock_db):
        """Test price calculation for special product."""
        # Set up test data
        config_service.current_config = Configuration(
            db=mock_db,
            product_family_id=2,
            product_family_name="Special",
            base_product={
                "id": 2,
                "name": "Special",
                "base_price": 1000.0,
                "base_length": 10.0,
                "category": "Special",
            },
            selected_options={},
            final_price=0.0,
            final_description="",
            model_number="",
            quantity=1,
            is_valid=False,
            validation_errors=[],
        )
    
        # Mock variant query
        variant = Variant("SPECIAL-120-S", 1000.0, "S", "120V", 10.0)
        mock_db.query().filter().first.return_value = variant
>       config_service.product_service.find_variant.return_value = variant
        ^^^^^^^^^^^^^^^^^^^^^^^^^^^^^^^^^^^^^^^^^^^

tests\core\services\test_configuration_service_pricing.py:305: 
_ _ _ _ _ _ _ _ _ _ _ _ _ _ _ _ _ _ _ _ _ _ _ _ _ _ _ _ _ _ _ _ _ _ _ _ _ _ _ _

self = <MagicMock spec='ProductService' id='1766100016096'>
name = 'find_variant'

    def __getattr__(self, name):
        if name in {'_mock_methods', '_mock_unsafe'}:
            raise AttributeError(name)
        elif self._mock_methods is not None:
            if name not in self._mock_methods or name in _all_magics:
>               raise AttributeError("Mock object has no attribute %r" % name)
E               AttributeError: Mock object has no attribute 'find_variant'

..\..\..\AppData\Local\Programs\Python\Python313\Lib\unittest\mock.py:690: AttributeError
_________________ test_calculate_price_complex_configuration __________________

config_service = <src.core.services.configuration_service.ConfigurationService object at 0x0000019B33C84550>
mock_db = <MagicMock id='1766100018448'>

    def test_calculate_price_complex_configuration(config_service, mock_db):
        """Test price calculation for complex configuration."""
        # Set up test data
        config_service.current_config = Configuration(
            db=mock_db,
            product_family_id=1,
            product_family_name="LS2000",
            base_product={
                "id": 1,
                "name": "LS2000",
                "base_price": 500.0,
                "base_length": 10.0,
                "category": "Level Switch",
            },
            selected_options={
                "Voltage": "24VDC",
                "Material": "Halar",
                "Probe Length": 24.0,
                "Connection Type": "Flange",
                "Flange Rating": "150#",
                "Flange Size": '1"',
            },
            final_price=0.0,
            final_description="",
            model_number="",
            quantity=1,
            is_valid=False,
            validation_errors=[],
        )
    
        # Mock material option query
        material = MagicMock()
        material.material_code = "Halar"
        material.adder = 110.0
    
        # Mock connection option query
        connection = MagicMock()
        connection.type = "Flange"
        connection.rating = "150#"
        connection.size = '1"'
        connection.price = 150.0
    
        variant = Variant("LS2000-24-H-24-F150-1", 500.0, "H", "24VDC", 24.0)
    
        # Set up the mock query chain so each filter_by returns a new mock with the correct first()
        def filter_by_side_effect(**kwargs):
            mock_filter = MagicMock()
            if kwargs.get("material_code") == "Halar":
                mock_filter.first.return_value = material
            elif (
                kwargs.get("type") == "Flange"
                and kwargs.get("rating") == "150#"
                and kwargs.get("size") == '1"'
            ):
                mock_filter.first.return_value = connection
            else:
                mock_filter.first.return_value = None
            return mock_filter
    
        mock_query = MagicMock()
        mock_db.query.return_value = mock_query
        mock_query.filter_by.side_effect = filter_by_side_effect
    
        # Mock product service find_variant
>       config_service.product_service.find_variant.return_value = variant
        ^^^^^^^^^^^^^^^^^^^^^^^^^^^^^^^^^^^^^^^^^^^

tests\core\services\test_configuration_service_pricing.py:379: 
_ _ _ _ _ _ _ _ _ _ _ _ _ _ _ _ _ _ _ _ _ _ _ _ _ _ _ _ _ _ _ _ _ _ _ _ _ _ _ _

self = <MagicMock spec='ProductService' id='1766100018784'>
name = 'find_variant'

    def __getattr__(self, name):
        if name in {'_mock_methods', '_mock_unsafe'}:
            raise AttributeError(name)
        elif self._mock_methods is not None:
            if name not in self._mock_methods or name in _all_magics:
>               raise AttributeError("Mock object has no attribute %r" % name)
E               AttributeError: Mock object has no attribute 'find_variant'

..\..\..\AppData\Local\Programs\Python\Python313\Lib\unittest\mock.py:690: AttributeError
__________________________ test_get_available_cables __________________________

db_session = <sqlalchemy.orm.session.Session object at 0x0000019B31E52120>

    def test_get_available_cables(db_session):
        """Test getting available cable types."""
        # Add test cables
        cables = [
>           Cable(
                cable_type="Standard",
                description="Standard cable",
                is_available=True,
            ),
            Cable(
                cable_type="High Temp",
                description="High temperature cable",
                is_available=True,
            ),
            Cable(
                cable_type="Unavailable",
                description="Unavailable cable",
                is_available=False,
            ),
        ]

tests\core\services\test_consolidated_models.py:32: 
_ _ _ _ _ _ _ _ _ _ _ _ _ _ _ _ _ _ _ _ _ _ _ _ _ _ _ _ _ _ _ _ _ _ _ _ _ _ _ _
<string>:4: in __init__
    ???
venv\Lib\site-packages\sqlalchemy\orm\state.py:571: in _initialize_instance
    with util.safe_reraise():
         ^^^^^^^^^^^^^^^^^^^
venv\Lib\site-packages\sqlalchemy\util\langhelpers.py:224: in __exit__
    raise exc_value.with_traceback(exc_tb)
venv\Lib\site-packages\sqlalchemy\orm\state.py:569: in _initialize_instance
    manager.original_init(*mixed[1:], **kwargs)
_ _ _ _ _ _ _ _ _ _ _ _ _ _ _ _ _ _ _ _ _ _ _ _ _ _ _ _ _ _ _ _ _ _ _ _ _ _ _ _

self = <Cable(code='None', name='None')>
kwargs = {'cable_type': 'Standard', 'description': 'Standard cable', 'is_available': True}
cls_ = <class 'src.core.models.cable.Cable'>, k = 'is_available'

    def _declarative_constructor(self: Any, **kwargs: Any) -> None:
        """A simple constructor that allows initialization from kwargs.
    
        Sets attributes on the constructed instance using the names and
        values in ``kwargs``.
    
        Only keys that are present as
        attributes of the instance's class are allowed. These could be,
        for example, any mapped columns or relationships.
        """
        cls_ = type(self)
        for k in kwargs:
            if not hasattr(cls_, k):
>               raise TypeError(
                    "%r is an invalid keyword argument for %s" % (k, cls_.__name__)
                )
E               TypeError: 'is_available' is an invalid keyword argument for Cable

venv\Lib\site-packages\sqlalchemy\orm\decl_base.py:2173: TypeError
________________________ test_get_available_enclosures ________________________

db_session = <sqlalchemy.orm.session.Session object at 0x0000019B338D5010>

    def test_get_available_enclosures(db_session):
        """Test getting available enclosure types."""
        # Add test enclosures
        enclosures = [
>           Enclosure(
                enclosure_type="Standard",
                description="Standard enclosure",
                is_available=True,
            ),
            Enclosure(
                enclosure_type="Explosion Proof",
                description="Explosion proof enclosure",
                is_available=True,
            ),
            Enclosure(
                enclosure_type="Unavailable",
                description="Unavailable enclosure",
                is_available=False,
            ),
        ]

tests\core\services\test_consolidated_models.py:62: 
_ _ _ _ _ _ _ _ _ _ _ _ _ _ _ _ _ _ _ _ _ _ _ _ _ _ _ _ _ _ _ _ _ _ _ _ _ _ _ _
<string>:4: in __init__
    ???
venv\Lib\site-packages\sqlalchemy\orm\state.py:571: in _initialize_instance
    with util.safe_reraise():
         ^^^^^^^^^^^^^^^^^^^
venv\Lib\site-packages\sqlalchemy\util\langhelpers.py:224: in __exit__
    raise exc_value.with_traceback(exc_tb)
venv\Lib\site-packages\sqlalchemy\orm\state.py:569: in _initialize_instance
    manager.original_init(*mixed[1:], **kwargs)
_ _ _ _ _ _ _ _ _ _ _ _ _ _ _ _ _ _ _ _ _ _ _ _ _ _ _ _ _ _ _ _ _ _ _ _ _ _ _ _

self = <Enclosure(code='None', name='None')>
kwargs = {'description': 'Standard enclosure', 'enclosure_type': 'Standard', 'is_available': True}
cls_ = <class 'src.core.models.enclosure.Enclosure'>, k = 'enclosure_type'

    def _declarative_constructor(self: Any, **kwargs: Any) -> None:
        """A simple constructor that allows initialization from kwargs.
    
        Sets attributes on the constructed instance using the names and
        values in ``kwargs``.
    
        Only keys that are present as
        attributes of the instance's class are allowed. These could be,
        for example, any mapped columns or relationships.
        """
        cls_ = type(self)
        for k in kwargs:
            if not hasattr(cls_, k):
>               raise TypeError(
                    "%r is an invalid keyword argument for %s" % (k, cls_.__name__)
                )
E               TypeError: 'enclosure_type' is an invalid keyword argument for Enclosure

venv\Lib\site-packages\sqlalchemy\orm\decl_base.py:2173: TypeError
__________________ test_get_available_electrical_protection ___________________

db_session = <sqlalchemy.orm.session.Session object at 0x0000019B33C39D30>

    def test_get_available_electrical_protection(db_session):
        """Test getting available electrical protection types."""
        # Add test electrical protection options
        protections = [
>           ElectricalProtection(
                protection_type="Standard",
                description="Standard protection",
                is_available=True,
            ),
            ElectricalProtection(
                protection_type="Enhanced",
                description="Enhanced protection",
                is_available=True,
            ),
            ElectricalProtection(
                protection_type="Unavailable",
                description="Unavailable protection",
                is_available=False,
            ),
        ]

tests\core\services\test_consolidated_models.py:95: 
_ _ _ _ _ _ _ _ _ _ _ _ _ _ _ _ _ _ _ _ _ _ _ _ _ _ _ _ _ _ _ _ _ _ _ _ _ _ _ _
<string>:4: in __init__
    ???
venv\Lib\site-packages\sqlalchemy\orm\state.py:571: in _initialize_instance
    with util.safe_reraise():
         ^^^^^^^^^^^^^^^^^^^
venv\Lib\site-packages\sqlalchemy\util\langhelpers.py:224: in __exit__
    raise exc_value.with_traceback(exc_tb)
venv\Lib\site-packages\sqlalchemy\orm\state.py:569: in _initialize_instance
    manager.original_init(*mixed[1:], **kwargs)
_ _ _ _ _ _ _ _ _ _ _ _ _ _ _ _ _ _ _ _ _ _ _ _ _ _ _ _ _ _ _ _ _ _ _ _ _ _ _ _

self = <ElectricalProtection(code='None', name='None')>
kwargs = {'description': 'Standard protection', 'is_available': True, 'protection_type': 'Standard'}
cls_ = <class 'src.core.models.electrical_protection.ElectricalProtection'>
k = 'is_available'

    def _declarative_constructor(self: Any, **kwargs: Any) -> None:
        """A simple constructor that allows initialization from kwargs.
    
        Sets attributes on the constructed instance using the names and
        values in ``kwargs``.
    
        Only keys that are present as
        attributes of the instance's class are allowed. These could be,
        for example, any mapped columns or relationships.
        """
        cls_ = type(self)
        for k in kwargs:
            if not hasattr(cls_, k):
>               raise TypeError(
                    "%r is an invalid keyword argument for %s" % (k, cls_.__name__)
                )
E               TypeError: 'is_available' is an invalid keyword argument for ElectricalProtection

venv\Lib\site-packages\sqlalchemy\orm\decl_base.py:2173: TypeError
______________ test_configure_product_with_consolidated_options _______________

db_session = <sqlalchemy.orm.session.Session object at 0x0000019B33C397F0>

    def test_configure_product_with_consolidated_options(db_session):
        """Test configuring a product with consolidated model options."""
        # Create test data
        family = ProductFamily(
            name="LS2000",
            description="Level Switch Family",
            category="Level Switch",
        )
        db_session.add(family)
        db_session.commit()
    
        variant = ProductVariant(
            product_family_id=family.id,
            model_number="LS2000-115VAC",
            description="115VAC Variant",
            base_price=100.0,
        )
        db_session.add(variant)
        db_session.commit()
    
        # Add test options
>       cable = Cable(
            cable_type="Standard",
            description="Standard cable",
            is_available=True,
        )

tests\core\services\test_consolidated_models.py:145: 
_ _ _ _ _ _ _ _ _ _ _ _ _ _ _ _ _ _ _ _ _ _ _ _ _ _ _ _ _ _ _ _ _ _ _ _ _ _ _ _
<string>:4: in __init__
    ???
venv\Lib\site-packages\sqlalchemy\orm\state.py:571: in _initialize_instance
    with util.safe_reraise():
         ^^^^^^^^^^^^^^^^^^^
venv\Lib\site-packages\sqlalchemy\util\langhelpers.py:224: in __exit__
    raise exc_value.with_traceback(exc_tb)
venv\Lib\site-packages\sqlalchemy\orm\state.py:569: in _initialize_instance
    manager.original_init(*mixed[1:], **kwargs)
_ _ _ _ _ _ _ _ _ _ _ _ _ _ _ _ _ _ _ _ _ _ _ _ _ _ _ _ _ _ _ _ _ _ _ _ _ _ _ _

self = <Cable(code='None', name='None')>
kwargs = {'cable_type': 'Standard', 'description': 'Standard cable', 'is_available': True}
cls_ = <class 'src.core.models.cable.Cable'>, k = 'is_available'

    def _declarative_constructor(self: Any, **kwargs: Any) -> None:
        """A simple constructor that allows initialization from kwargs.
    
        Sets attributes on the constructed instance using the names and
        values in ``kwargs``.
    
        Only keys that are present as
        attributes of the instance's class are allowed. These could be,
        for example, any mapped columns or relationships.
        """
        cls_ = type(self)
        for k in kwargs:
            if not hasattr(cls_, k):
>               raise TypeError(
                    "%r is an invalid keyword argument for %s" % (k, cls_.__name__)
                )
E               TypeError: 'is_available' is an invalid keyword argument for Cable

venv\Lib\site-packages\sqlalchemy\orm\decl_base.py:2173: TypeError
_______________ test_configure_product_with_unavailable_options _______________

db_session = <sqlalchemy.orm.session.Session object at 0x0000019B31E52120>

    def test_configure_product_with_unavailable_options(db_session):
        """Test configuring a product with unavailable consolidated model options."""
        # Create test data
        family = ProductFamily(
            name="LS2000",
            description="Level Switch Family",
            category="Level Switch",
        )
        db_session.add(family)
        db_session.commit()
    
        variant = ProductVariant(
            product_family_id=family.id,
            model_number="LS2000-115VAC",
            description="115VAC Variant",
            base_price=100.0,
        )
        db_session.add(variant)
        db_session.commit()
    
        # Add test options
>       cable = Cable(
            cable_type="Unavailable",
            description="Unavailable cable",
            is_available=False,
        )

tests\core\services\test_consolidated_models.py:200: 
_ _ _ _ _ _ _ _ _ _ _ _ _ _ _ _ _ _ _ _ _ _ _ _ _ _ _ _ _ _ _ _ _ _ _ _ _ _ _ _
<string>:4: in __init__
    ???
venv\Lib\site-packages\sqlalchemy\orm\state.py:571: in _initialize_instance
    with util.safe_reraise():
         ^^^^^^^^^^^^^^^^^^^
venv\Lib\site-packages\sqlalchemy\util\langhelpers.py:224: in __exit__
    raise exc_value.with_traceback(exc_tb)
venv\Lib\site-packages\sqlalchemy\orm\state.py:569: in _initialize_instance
    manager.original_init(*mixed[1:], **kwargs)
_ _ _ _ _ _ _ _ _ _ _ _ _ _ _ _ _ _ _ _ _ _ _ _ _ _ _ _ _ _ _ _ _ _ _ _ _ _ _ _

self = <Cable(code='None', name='None')>
kwargs = {'cable_type': 'Unavailable', 'description': 'Unavailable cable', 'is_available': False}
cls_ = <class 'src.core.models.cable.Cable'>, k = 'is_available'

    def _declarative_constructor(self: Any, **kwargs: Any) -> None:
        """A simple constructor that allows initialization from kwargs.
    
        Sets attributes on the constructed instance using the names and
        values in ``kwargs``.
    
        Only keys that are present as
        attributes of the instance's class are allowed. These could be,
        for example, any mapped columns or relationships.
        """
        cls_ = type(self)
        for k in kwargs:
            if not hasattr(cls_, k):
>               raise TypeError(
                    "%r is an invalid keyword argument for %s" % (k, cls_.__name__)
                )
E               TypeError: 'is_available' is an invalid keyword argument for Cable

venv\Lib\site-packages\sqlalchemy\orm\decl_base.py:2173: TypeError
_________________________ test_get_additional_options _________________________

db_session = <sqlalchemy.orm.session.Session object at 0x0000019B338D6270>

    def test_get_additional_options(db_session):
        # Included option
        opt1 = Option(
            name="Explosion Proof",
            description="Explosion proof housing",
            price=250.0,
            price_type="fixed",
            category="feature",
            product_families="LS2000",
            excluded_products=None,
        )
        # Excluded option
        opt2 = Option(
            name="Special Option",
            description="Not for LS2000",
            price=100.0,
            price_type="fixed",
            category="feature",
            product_families="LS2000",
            excluded_products="LS2000",
        )
        db_session.add_all([opt1, opt2])
        db_session.commit()
        service = ProductService(db_session)
        options = service.get_additional_options("LS2000")
>       assert len(options) == 1
E       AssertionError: assert 2 == 1
E        +  where 2 = len([{'category': 'feature', 'description': 'Explosion proof housing', 'name': 'Explosion Proof', 'price': 250.0, ...}, {'category': 'feature', 'description': 'Not for LS2000', 'name': 'Special Option', 'price': 100.0, ...}])

tests\core\services\test_product_service.py:130: AssertionError
____________________________ test_search_products _____________________________

db_session = <sqlalchemy.orm.session.Session object at 0x0000019B33C3A270>

    def test_search_products(db_session):
        family = ProductFamily(
            name="LS2000", description="Level Switch Family", category="Level Switch"
        )
        db_session.add(family)
        db_session.commit()
        variant = ProductVariant(
            product_family_id=family.id,
            model_number="LS2000-115VAC",
            description="115VAC Variant",
            base_price=100.0,
        )
        db_session.add(variant)
        db_session.commit()
        service = ProductService(db_session)
        results = service.search_products("LS2000")
        assert len(results) > 0
>       assert any(r["model_number"] == "LS2000-115VAC" for r in results)
               ^^^^^^^^^^^^^^^^^^^^^^^^^^^^^^^^^^^^^^^^^^^^^^^^^^^^^^^^^^

tests\core\services\test_product_service.py:151: 
_ _ _ _ _ _ _ _ _ _ _ _ _ _ _ _ _ _ _ _ _ _ _ _ _ _ _ _ _ _ _ _ _ _ _ _ _ _ _ _

.0 = [{'category': 'Level Switch', 'description': 'Level Switch Family', 'id': 1, 'name': 'LS2000', ...}, {'base_price': 100.0, 'description': '115VAC Variant', 'id': 1, 'model_number': 'LS2000-115VAC', ...}]

>   assert any(r["model_number"] == "LS2000-115VAC" for r in results)
               ^^^^^^^^^^^^^^^^^
E   KeyError: 'model_number'

tests\core\services\test_product_service.py:151: KeyError
_________________ test_get_additional_options_excluded_comma __________________

db_session = <sqlalchemy.orm.session.Session object at 0x0000019B338D70E0>

    def test_get_additional_options_excluded_comma(db_session):
        # Excluded option with multiple excluded products
        opt = Option(
            name="Special",
            description="Special",
            price=100.0,
            price_type="fixed",
            category="feature",
            product_families="LS2000",
            excluded_products="LS2000,LS3000",
        )
        db_session.add(opt)
        db_session.commit()
        service = ProductService(db_session)
        options = service.get_additional_options("LS2000")
>       assert options == []
E       AssertionError: assert [{'category':...: 100.0, ...}] == []
E         
E         Left contains one more item: {'category': 'feature', 'description': 'Special', 'name': 'Special', 'price': 100.0, ...}
E         
E         Full diff:
E         - []
E         + [
E         +     {...
E         
E         ...Full output truncated (7 lines hidden), use '-vv' to show

tests\core\services\test_product_service.py:249: AssertionError
____________________ test_get_valid_options_for_selection _____________________

db_session = <sqlalchemy.orm.session.Session object at 0x0000019B33C3A270>

    def test_get_valid_options_for_selection(db_session):
        # Create a product family
        family = ProductFamily(
            name="LS2000", description="Level Switch Family", category="Level Switch"
        )
        db_session.add(family)
        db_session.commit()
        # Add variants with different combinations of material and voltage
        variants = [
            ProductVariant(
                product_family_id=family.id,
                model_number="LS2000-S-115VAC",
                description="S/115VAC",
                base_price=100.0,
                material="S",
                voltage="115VAC",
            ),
            ProductVariant(
                product_family_id=family.id,
                model_number="LS2000-S-24VDC",
                description="S/24VDC",
                base_price=100.0,
                material="S",
                voltage="24VDC",
            ),
            ProductVariant(
                product_family_id=family.id,
                model_number="LS2000-H-115VAC",
                description="H/115VAC",
                base_price=100.0,
                material="H",
                voltage="115VAC",
            ),
            ProductVariant(
                product_family_id=family.id,
                model_number="LS2000-H-24VDC",
                description="H/24VDC",
                base_price=100.0,
                material="H",
                voltage="24VDC",
            ),
            ProductVariant(
                product_family_id=family.id,
                model_number="LS2000-U-24VDC",
                description="U/24VDC",
                base_price=100.0,
                material="U",
                voltage="24VDC",
            ),
        ]
        db_session.add_all(variants)
        db_session.commit()
        service = ProductService(db_session)
        # No options selected: all values should be available
        result = service.get_valid_options_for_selection(family.id, {})
>       assert set(result["material"]) == {"S", "H", "U"}
                   ^^^^^^^^^^^^^^^^^^
E       KeyError: 'material'

tests\core\services\test_product_service.py:307: KeyError
------------------------------ Captured log call ------------------------------
ERROR    src.core.services.product_service:product_service.py:478 Error getting valid options: type object 'Option' has no attribute 'product_family_id'
Traceback (most recent call last):
  File "C:\Users\dana1\OneDrive\Desktop\Jimmy\src\core\services\product_service.py", line 466, in get_valid_options_for_selection
    .filter(Option.product_family_id == family_id)
            ^^^^^^^^^^^^^^^^^^^^^^^^
AttributeError: type object 'Option' has no attribute 'product_family_id'. Did you mean: 'product_families'?
________________________ test_configure_product_valid _________________________

db_session = <sqlalchemy.orm.session.Session object at 0x0000019B33C39BE0>

    def test_configure_product_valid(db_session):
        """Test configuring a product with valid parameters."""
        # Create test data
        family = ProductFamily(
            name="LS2000",
            description="Level Switch Family",
            category="Level Switch",
            base_price=100.0,
        )
        db_session.add(family)
        db_session.commit()
    
>       material = Material(
            code="S",
            name="316 Stainless Steel",
            base_length=10.0,
            is_active=True,
            sort_order=1,
        )

tests\core\services\test_product_service_validation.py:41: 
_ _ _ _ _ _ _ _ _ _ _ _ _ _ _ _ _ _ _ _ _ _ _ _ _ _ _ _ _ _ _ _ _ _ _ _ _ _ _ _
<string>:4: in __init__
    ???
venv\Lib\site-packages\sqlalchemy\orm\state.py:571: in _initialize_instance
    with util.safe_reraise():
         ^^^^^^^^^^^^^^^^^^^
venv\Lib\site-packages\sqlalchemy\util\langhelpers.py:224: in __exit__
    raise exc_value.with_traceback(exc_tb)
venv\Lib\site-packages\sqlalchemy\orm\state.py:569: in _initialize_instance
    manager.original_init(*mixed[1:], **kwargs)
_ _ _ _ _ _ _ _ _ _ _ _ _ _ _ _ _ _ _ _ _ _ _ _ _ _ _ _ _ _ _ _ _ _ _ _ _ _ _ _

self = <Material(code='S', name='316 Stainless Steel')>
kwargs = {'base_length': 10.0, 'code': 'S', 'is_active': True, 'name': '316 Stainless Steel', ...}
cls_ = <class 'src.core.models.material.Material'>, k = 'is_active'

    def _declarative_constructor(self: Any, **kwargs: Any) -> None:
        """A simple constructor that allows initialization from kwargs.
    
        Sets attributes on the constructed instance using the names and
        values in ``kwargs``.
    
        Only keys that are present as
        attributes of the instance's class are allowed. These could be,
        for example, any mapped columns or relationships.
        """
        cls_ = type(self)
        for k in kwargs:
            if not hasattr(cls_, k):
>               raise TypeError(
                    "%r is an invalid keyword argument for %s" % (k, cls_.__name__)
                )
E               TypeError: 'is_active' is an invalid keyword argument for Material

venv\Lib\site-packages\sqlalchemy\orm\decl_base.py:2173: TypeError
___________________ test_configure_product_invalid_material ___________________

db_session = <sqlalchemy.orm.session.Session object at 0x0000019B33C38AD0>

    def test_configure_product_invalid_material(db_session):
        """Test configuring a product with invalid material."""
        # Create test data
        family = ProductFamily(
            name="LS2000",
            description="Level Switch Family",
            category="Level Switch",
            base_price=100.0,
        )
        db_session.add(family)
        db_session.commit()
    
        variant = ProductVariant(
            product_family_id=family.id,
            model_number="LS2000-120-S-24",
            description="Level Switch, 24 inch, Stainless Steel",
            base_price=100.0,
            base_length=24.0,
            voltage="120V",
            material="S",
            min_length=4.0,
            max_length=72.0,
            length_increment=1.0,
        )
        db_session.add(variant)
        db_session.commit()
    
        # Test configuration with invalid material
        result_product, price, error = ProductService.configure_product(
            db_session, product_id=variant.id, length=24.0, material_override="INVALID"
        )
    
        assert result_product is None
        assert price is None
        assert error is not None
>       assert "Invalid material code" in error
E       assert 'Invalid material code' in "Error configuring product: 'Session' object has no attribute 'session'"

tests\core\services\test_product_service_validation.py:120: AssertionError
------------------------------ Captured log call ------------------------------
ERROR    src.core.services.product_service:product_service.py:306 Error configuring product: 'Session' object has no attribute 'session'
Traceback (most recent call last):
  File "C:\Users\dana1\OneDrive\Desktop\Jimmy\src\core\services\product_service.py", line 268, in configure_product
    self.session.query(ProductVariant)
    ^^^^^^^^^^^^
AttributeError: 'Session' object has no attribute 'session'
____________________ test_configure_product_invalid_length ____________________

db_session = <sqlalchemy.orm.session.Session object at 0x0000019B33C39010>

    def test_configure_product_invalid_length(db_session):
        """Test configuring a product with invalid length."""
        # Create test data
        family = ProductFamily(
            name="LS2000",
            description="Level Switch Family",
            category="Level Switch",
            base_price=100.0,
        )
        db_session.add(family)
        db_session.commit()
    
>       material = Material(
            code="S",
            name="316 Stainless Steel",
            base_length=10.0,
            is_active=True,
            sort_order=1,
        )

tests\core\services\test_product_service_validation.py:135: 
_ _ _ _ _ _ _ _ _ _ _ _ _ _ _ _ _ _ _ _ _ _ _ _ _ _ _ _ _ _ _ _ _ _ _ _ _ _ _ _
<string>:4: in __init__
    ???
venv\Lib\site-packages\sqlalchemy\orm\state.py:571: in _initialize_instance
    with util.safe_reraise():
         ^^^^^^^^^^^^^^^^^^^
venv\Lib\site-packages\sqlalchemy\util\langhelpers.py:224: in __exit__
    raise exc_value.with_traceback(exc_tb)
venv\Lib\site-packages\sqlalchemy\orm\state.py:569: in _initialize_instance
    manager.original_init(*mixed[1:], **kwargs)
_ _ _ _ _ _ _ _ _ _ _ _ _ _ _ _ _ _ _ _ _ _ _ _ _ _ _ _ _ _ _ _ _ _ _ _ _ _ _ _

self = <Material(code='S', name='316 Stainless Steel')>
kwargs = {'base_length': 10.0, 'code': 'S', 'is_active': True, 'name': '316 Stainless Steel', ...}
cls_ = <class 'src.core.models.material.Material'>, k = 'is_active'

    def _declarative_constructor(self: Any, **kwargs: Any) -> None:
        """A simple constructor that allows initialization from kwargs.
    
        Sets attributes on the constructed instance using the names and
        values in ``kwargs``.
    
        Only keys that are present as
        attributes of the instance's class are allowed. These could be,
        for example, any mapped columns or relationships.
        """
        cls_ = type(self)
        for k in kwargs:
            if not hasattr(cls_, k):
>               raise TypeError(
                    "%r is an invalid keyword argument for %s" % (k, cls_.__name__)
                )
E               TypeError: 'is_active' is an invalid keyword argument for Material

venv\Lib\site-packages\sqlalchemy\orm\decl_base.py:2173: TypeError
______________________ test_configure_product_not_found _______________________

db_session = <sqlalchemy.orm.session.Session object at 0x0000019B31D463C0>

    def test_configure_product_not_found(db_session):
        """Test configuring a non-existent product."""
        result_product, price, error = ProductService.configure_product(
            db_session, product_id=99999, length=24.0  # Non-existent ID
        )
    
        assert result_product is None
        assert price is None
        assert error is not None
>       assert "Product with ID 99999 not found" in error
E       assert 'Product with ID 99999 not found' in "Error configuring product: 'Session' object has no attribute 'session'"

tests\core\services\test_product_service_validation.py:190: AssertionError
------------------------------ Captured log call ------------------------------
ERROR    src.core.services.product_service:product_service.py:306 Error configuring product: 'Session' object has no attribute 'session'
Traceback (most recent call last):
  File "C:\Users\dana1\OneDrive\Desktop\Jimmy\src\core\services\product_service.py", line 268, in configure_product
    self.session.query(ProductVariant)
    ^^^^^^^^^^^^
AttributeError: 'Session' object has no attribute 'session'
============================== warnings summary ===============================
src\core\models\connection.py:59
  C:\Users\dana1\OneDrive\Desktop\Jimmy\src\core\models\connection.py:59: PydanticDeprecatedSince20: Pydantic V1 style `@validator` validators are deprecated. You should migrate to Pydantic V2 style `@field_validator` validators, see the migration guide for more details. Deprecated in Pydantic V2.0 to be removed in V3.0. See Pydantic V2 Migration Guide at https://errors.pydantic.dev/2.11/migration/
    @validator("code")

src\core\models\connection.py:66
  C:\Users\dana1\OneDrive\Desktop\Jimmy\src\core\models\connection.py:66: PydanticDeprecatedSince20: Pydantic V1 style `@validator` validators are deprecated. You should migrate to Pydantic V2 style `@field_validator` validators, see the migration guide for more details. Deprecated in Pydantic V2.0 to be removed in V3.0. See Pydantic V2 Migration Guide at https://errors.pydantic.dev/2.11/migration/
    @validator("name")

src\core\models\material.py:67
  C:\Users\dana1\OneDrive\Desktop\Jimmy\src\core\models\material.py:67: PydanticDeprecatedSince20: Pydantic V1 style `@validator` validators are deprecated. You should migrate to Pydantic V2 style `@field_validator` validators, see the migration guide for more details. Deprecated in Pydantic V2.0 to be removed in V3.0. See Pydantic V2 Migration Guide at https://errors.pydantic.dev/2.11/migration/
    @validator("code")

src\core\models\material.py:74
  C:\Users\dana1\OneDrive\Desktop\Jimmy\src\core\models\material.py:74: PydanticDeprecatedSince20: Pydantic V1 style `@validator` validators are deprecated. You should migrate to Pydantic V2 style `@field_validator` validators, see the migration guide for more details. Deprecated in Pydantic V2.0 to be removed in V3.0. See Pydantic V2 Migration Guide at https://errors.pydantic.dev/2.11/migration/
    @validator(

src\core\models\option.py:86
  C:\Users\dana1\OneDrive\Desktop\Jimmy\src\core\models\option.py:86: PydanticDeprecatedSince20: Pydantic V1 style `@validator` validators are deprecated. You should migrate to Pydantic V2 style `@field_validator` validators, see the migration guide for more details. Deprecated in Pydantic V2.0 to be removed in V3.0. See Pydantic V2 Migration Guide at https://errors.pydantic.dev/2.11/migration/
    @validator("price_type")

src\core\models\option.py:94
  C:\Users\dana1\OneDrive\Desktop\Jimmy\src\core\models\option.py:94: PydanticDeprecatedSince20: Pydantic V1 style `@validator` validators are deprecated. You should migrate to Pydantic V2 style `@field_validator` validators, see the migration guide for more details. Deprecated in Pydantic V2.0 to be removed in V3.0. See Pydantic V2 Migration Guide at https://errors.pydantic.dev/2.11/migration/
    @validator("product_families", "excluded_products", "dependencies", "conflicts")

src\core\models\option.py:160
  C:\Users\dana1\OneDrive\Desktop\Jimmy\src\core\models\option.py:160: PydanticDeprecatedSince20: Pydantic V1 style `@validator` validators are deprecated. You should migrate to Pydantic V2 style `@field_validator` validators, see the migration guide for more details. Deprecated in Pydantic V2.0 to be removed in V3.0. See Pydantic V2 Migration Guide at https://errors.pydantic.dev/2.11/migration/
    @validator("quantity")

src\core\models\option.py:167
  C:\Users\dana1\OneDrive\Desktop\Jimmy\src\core\models\option.py:167: PydanticDeprecatedSince20: Pydantic V1 style `@validator` validators are deprecated. You should migrate to Pydantic V2 style `@field_validator` validators, see the migration guide for more details. Deprecated in Pydantic V2.0 to be removed in V3.0. See Pydantic V2 Migration Guide at https://errors.pydantic.dev/2.11/migration/
    @validator("price")

src\core\models\voltage_option.py:77
  C:\Users\dana1\OneDrive\Desktop\Jimmy\src\core\models\voltage_option.py:77: PydanticDeprecatedSince20: Pydantic V1 style `@validator` validators are deprecated. You should migrate to Pydantic V2 style `@field_validator` validators, see the migration guide for more details. Deprecated in Pydantic V2.0 to be removed in V3.0. See Pydantic V2 Migration Guide at https://errors.pydantic.dev/2.11/migration/
    @validator("voltage")

src\core\models\voltage_option.py:97
  C:\Users\dana1\OneDrive\Desktop\Jimmy\src\core\models\voltage_option.py:97: PydanticDeprecatedSince20: Pydantic V1 style `@validator` validators are deprecated. You should migrate to Pydantic V2 style `@field_validator` validators, see the migration guide for more details. Deprecated in Pydantic V2.0 to be removed in V3.0. See Pydantic V2 Migration Guide at https://errors.pydantic.dev/2.11/migration/
    @validator("base_price_adder")

src\core\models\cable.py:78
  C:\Users\dana1\OneDrive\Desktop\Jimmy\src\core\models\cable.py:78: PydanticDeprecatedSince20: Pydantic V1 style `@validator` validators are deprecated. You should migrate to Pydantic V2 style `@field_validator` validators, see the migration guide for more details. Deprecated in Pydantic V2.0 to be removed in V3.0. See Pydantic V2 Migration Guide at https://errors.pydantic.dev/2.11/migration/
    @validator("code")

src\core\models\cable.py:85
  C:\Users\dana1\OneDrive\Desktop\Jimmy\src\core\models\cable.py:85: PydanticDeprecatedSince20: Pydantic V1 style `@validator` validators are deprecated. You should migrate to Pydantic V2 style `@field_validator` validators, see the migration guide for more details. Deprecated in Pydantic V2.0 to be removed in V3.0. See Pydantic V2 Migration Guide at https://errors.pydantic.dev/2.11/migration/
    @validator("base_price", "price_per_foot")

src\core\models\enclosure.py:76
  C:\Users\dana1\OneDrive\Desktop\Jimmy\src\core\models\enclosure.py:76: PydanticDeprecatedSince20: Pydantic V1 style `@validator` validators are deprecated. You should migrate to Pydantic V2 style `@field_validator` validators, see the migration guide for more details. Deprecated in Pydantic V2.0 to be removed in V3.0. See Pydantic V2 Migration Guide at https://errors.pydantic.dev/2.11/migration/
    @validator("code")

src\core\models\enclosure.py:83
  C:\Users\dana1\OneDrive\Desktop\Jimmy\src\core\models\enclosure.py:83: PydanticDeprecatedSince20: Pydantic V1 style `@validator` validators are deprecated. You should migrate to Pydantic V2 style `@field_validator` validators, see the migration guide for more details. Deprecated in Pydantic V2.0 to be removed in V3.0. See Pydantic V2 Migration Guide at https://errors.pydantic.dev/2.11/migration/
    @validator("rating_type")

src\core\models\enclosure.py:91
  C:\Users\dana1\OneDrive\Desktop\Jimmy\src\core\models\enclosure.py:91: PydanticDeprecatedSince20: Pydantic V1 style `@validator` validators are deprecated. You should migrate to Pydantic V2 style `@field_validator` validators, see the migration guide for more details. Deprecated in Pydantic V2.0 to be removed in V3.0. See Pydantic V2 Migration Guide at https://errors.pydantic.dev/2.11/migration/
    @validator("base_price")

src\core\models\electrical_protection.py:81
  C:\Users\dana1\OneDrive\Desktop\Jimmy\src\core\models\electrical_protection.py:81: PydanticDeprecatedSince20: Pydantic V1 style `@validator` validators are deprecated. You should migrate to Pydantic V2 style `@field_validator` validators, see the migration guide for more details. Deprecated in Pydantic V2.0 to be removed in V3.0. See Pydantic V2 Migration Guide at https://errors.pydantic.dev/2.11/migration/
    @validator("code")

src\core\models\electrical_protection.py:88
  C:\Users\dana1\OneDrive\Desktop\Jimmy\src\core\models\electrical_protection.py:88: PydanticDeprecatedSince20: Pydantic V1 style `@validator` validators are deprecated. You should migrate to Pydantic V2 style `@field_validator` validators, see the migration guide for more details. Deprecated in Pydantic V2.0 to be removed in V3.0. See Pydantic V2 Migration Guide at https://errors.pydantic.dev/2.11/migration/
    @validator("class_rating")

src\core\models\electrical_protection.py:96
  C:\Users\dana1\OneDrive\Desktop\Jimmy\src\core\models\electrical_protection.py:96: PydanticDeprecatedSince20: Pydantic V1 style `@validator` validators are deprecated. You should migrate to Pydantic V2 style `@field_validator` validators, see the migration guide for more details. Deprecated in Pydantic V2.0 to be removed in V3.0. See Pydantic V2 Migration Guide at https://errors.pydantic.dev/2.11/migration/
    @validator("division_rating")

src\core\models\electrical_protection.py:104
  C:\Users\dana1\OneDrive\Desktop\Jimmy\src\core\models\electrical_protection.py:104: PydanticDeprecatedSince20: Pydantic V1 style `@validator` validators are deprecated. You should migrate to Pydantic V2 style `@field_validator` validators, see the migration guide for more details. Deprecated in Pydantic V2.0 to be removed in V3.0. See Pydantic V2 Migration Guide at https://errors.pydantic.dev/2.11/migration/
    @validator("group_rating")

src\core\models\electrical_protection.py:112
  C:\Users\dana1\OneDrive\Desktop\Jimmy\src\core\models\electrical_protection.py:112: PydanticDeprecatedSince20: Pydantic V1 style `@validator` validators are deprecated. You should migrate to Pydantic V2 style `@field_validator` validators, see the migration guide for more details. Deprecated in Pydantic V2.0 to be removed in V3.0. See Pydantic V2 Migration Guide at https://errors.pydantic.dev/2.11/migration/
    @validator("temperature_rating")

src\core\models\electrical_protection.py:120
  C:\Users\dana1\OneDrive\Desktop\Jimmy\src\core\models\electrical_protection.py:120: PydanticDeprecatedSince20: Pydantic V1 style `@validator` validators are deprecated. You should migrate to Pydantic V2 style `@field_validator` validators, see the migration guide for more details. Deprecated in Pydantic V2.0 to be removed in V3.0. See Pydantic V2 Migration Guide at https://errors.pydantic.dev/2.11/migration/
    @validator("price")

src\core\models\insulation.py:68
  C:\Users\dana1\OneDrive\Desktop\Jimmy\src\core\models\insulation.py:68: PydanticDeprecatedSince20: Pydantic V1 style `@validator` validators are deprecated. You should migrate to Pydantic V2 style `@field_validator` validators, see the migration guide for more details. Deprecated in Pydantic V2.0 to be removed in V3.0. See Pydantic V2 Migration Guide at https://errors.pydantic.dev/2.11/migration/
    @validator("code")

src\core\models\insulation.py:75
  C:\Users\dana1\OneDrive\Desktop\Jimmy\src\core\models\insulation.py:75: PydanticDeprecatedSince20: Pydantic V1 style `@validator` validators are deprecated. You should migrate to Pydantic V2 style `@field_validator` validators, see the migration guide for more details. Deprecated in Pydantic V2.0 to be removed in V3.0. See Pydantic V2 Migration Guide at https://errors.pydantic.dev/2.11/migration/
    @validator("temperature_limit")

src\core\models\insulation.py:82
  C:\Users\dana1\OneDrive\Desktop\Jimmy\src\core\models\insulation.py:82: PydanticDeprecatedSince20: Pydantic V1 style `@validator` validators are deprecated. You should migrate to Pydantic V2 style `@field_validator` validators, see the migration guide for more details. Deprecated in Pydantic V2.0 to be removed in V3.0. See Pydantic V2 Migration Guide at https://errors.pydantic.dev/2.11/migration/
    @validator("base_price")

src\core\models\o_ring.py:70
  C:\Users\dana1\OneDrive\Desktop\Jimmy\src\core\models\o_ring.py:70: PydanticDeprecatedSince20: Pydantic V1 style `@validator` validators are deprecated. You should migrate to Pydantic V2 style `@field_validator` validators, see the migration guide for more details. Deprecated in Pydantic V2.0 to be removed in V3.0. See Pydantic V2 Migration Guide at https://errors.pydantic.dev/2.11/migration/
    @validator("code")

src\core\models\o_ring.py:77
  C:\Users\dana1\OneDrive\Desktop\Jimmy\src\core\models\o_ring.py:77: PydanticDeprecatedSince20: Pydantic V1 style `@validator` validators are deprecated. You should migrate to Pydantic V2 style `@field_validator` validators, see the migration guide for more details. Deprecated in Pydantic V2.0 to be removed in V3.0. See Pydantic V2 Migration Guide at https://errors.pydantic.dev/2.11/migration/
    @validator("temperature_limit")

src\core\models\o_ring.py:84
  C:\Users\dana1\OneDrive\Desktop\Jimmy\src\core\models\o_ring.py:84: PydanticDeprecatedSince20: Pydantic V1 style `@validator` validators are deprecated. You should migrate to Pydantic V2 style `@field_validator` validators, see the migration guide for more details. Deprecated in Pydantic V2.0 to be removed in V3.0. See Pydantic V2 Migration Guide at https://errors.pydantic.dev/2.11/migration/
    @validator("price")

src\core\models\exotic_metal.py:75
  C:\Users\dana1\OneDrive\Desktop\Jimmy\src\core\models\exotic_metal.py:75: PydanticDeprecatedSince20: Pydantic V1 style `@validator` validators are deprecated. You should migrate to Pydantic V2 style `@field_validator` validators, see the migration guide for more details. Deprecated in Pydantic V2.0 to be removed in V3.0. See Pydantic V2 Migration Guide at https://errors.pydantic.dev/2.11/migration/
    @validator("code")

src\core\models\exotic_metal.py:82
  C:\Users\dana1\OneDrive\Desktop\Jimmy\src\core\models\exotic_metal.py:82: PydanticDeprecatedSince20: Pydantic V1 style `@validator` validators are deprecated. You should migrate to Pydantic V2 style `@field_validator` validators, see the migration guide for more details. Deprecated in Pydantic V2.0 to be removed in V3.0. See Pydantic V2 Migration Guide at https://errors.pydantic.dev/2.11/migration/
    @validator("temperature_limit")

src\core\models\exotic_metal.py:89
  C:\Users\dana1\OneDrive\Desktop\Jimmy\src\core\models\exotic_metal.py:89: PydanticDeprecatedSince20: Pydantic V1 style `@validator` validators are deprecated. You should migrate to Pydantic V2 style `@field_validator` validators, see the migration guide for more details. Deprecated in Pydantic V2.0 to be removed in V3.0. See Pydantic V2 Migration Guide at https://errors.pydantic.dev/2.11/migration/
    @validator("price")

tests/core/services/test_consolidated_models.py: 8 warnings
tests/core/services/test_product_service.py: 36 warnings
tests/core/services/test_product_service_validation.py: 8 warnings
  c:\Users\dana1\OneDrive\Desktop\Jimmy\venv\Lib\site-packages\sqlalchemy\sql\schema.py:3624: DeprecationWarning: datetime.datetime.utcnow() is deprecated and scheduled for removal in a future version. Use timezone-aware objects to represent datetimes in UTC: datetime.datetime.now(datetime.UTC).
    return util.wrap_callable(lambda ctx: fn(), fn)  # type: ignore

-- Docs: https://docs.pytest.org/en/stable/how-to/capture-warnings.html
=========================== short test summary info ===========================
FAILED tests/core/models/test_material.py::test_material_code_validation - Fa...
FAILED tests/core/models/test_material.py::test_material_pricing_validation
FAILED tests/core/models/test_material.py::test_material_price_calculation - ...
FAILED tests/core/pricing/test_pricing_system.py::test_material_premium_strategy_uhmwpe
FAILED tests/core/pricing/test_pricing_system.py::test_material_premium_strategy_teflon
FAILED tests/core/pricing/test_pricing_system.py::test_nonstandard_length_surcharge_ls2000
FAILED tests/core/pricing/test_pricing_system.py::test_connection_option_strategy_flange
FAILED tests/core/pricing/test_pricing_system.py::test_connection_option_strategy_triclamp
FAILED tests/core/pricing/test_pricing_system.py::test_material_availability_strategy_available
FAILED tests/core/pricing/test_pricing_system.py::test_complete_pricing_calculation
FAILED tests/core/pricing/test_pricing_system.py::test_special_product_pricing_ls7000_dual
FAILED tests/core/services/test_configuration_service.py::test_start_configuration
FAILED tests/core/services/test_configuration_service.py::TestVoltageSelection::test_select_voltage_updates_configuration
FAILED tests/core/services/test_configuration_service.py::TestMaterialSelection::test_select_material_updates_configuration
FAILED tests/core/services/test_configuration_service_pricing.py::test_calculate_price_basic
FAILED tests/core/services/test_configuration_service_pricing.py::test_calculate_price_with_length
FAILED tests/core/services/test_configuration_service_pricing.py::test_calculate_price_with_connection
FAILED tests/core/services/test_configuration_service_pricing.py::test_calculate_price_with_material_override
FAILED tests/core/services/test_configuration_service_pricing.py::test_calculate_price_no_variant_fallback
FAILED tests/core/services/test_configuration_service_pricing.py::test_calculate_price_special_product
FAILED tests/core/services/test_configuration_service_pricing.py::test_calculate_price_complex_configuration
FAILED tests/core/services/test_consolidated_models.py::test_get_available_cables
FAILED tests/core/services/test_consolidated_models.py::test_get_available_enclosures
FAILED tests/core/services/test_consolidated_models.py::test_get_available_electrical_protection
FAILED tests/core/services/test_consolidated_models.py::test_configure_product_with_consolidated_options
FAILED tests/core/services/test_consolidated_models.py::test_configure_product_with_unavailable_options
FAILED tests/core/services/test_product_service.py::test_get_additional_options
FAILED tests/core/services/test_product_service.py::test_search_products - Ke...
FAILED tests/core/services/test_product_service.py::test_get_additional_options_excluded_comma
FAILED tests/core/services/test_product_service.py::test_get_valid_options_for_selection
FAILED tests/core/services/test_product_service_validation.py::test_configure_product_valid
FAILED tests/core/services/test_product_service_validation.py::test_configure_product_invalid_material
FAILED tests/core/services/test_product_service_validation.py::test_configure_product_invalid_length
FAILED tests/core/services/test_product_service_validation.py::test_configure_product_not_found
================= 34 failed, 38 passed, 82 warnings in 12.17s =================
